// Jest Snapshot v1, https://goo.gl/fbAQLP

exports[`Sponsors should render correctly 1`] = `
<styled.div
  className="undefined sponsors app-container"
>
  <div>
    <ContentPanel
      className="yellow"
      title="Quick Pitch"
    >
      <ContentEditableWrapper
        canEdit={true}
        propName="pitch"
        rows="10"
        style={
          Object {
            "minHeight": "10vh",
          }
        }
        type="textarea"
      >
        <ReactMarkdown
          astPlugins={Array []}
          escapeHtml={true}
          plugins={Array []}
          rawSourcePos={false}
          renderers={Object {}}
          skipHtml={false}
          source="Click to add a quick note convincing people why they should sponsor this event."
          sourcePos={false}
          transformLinkUri={[Function]}
        />
      </ContentEditableWrapper>
    </ContentPanel>
    <ContentPanel
      className="gray"
      title="About the community"
    >
      <div
        className="edit-cta"
      >
        <Component
          className="btn-inline"
          to="/edit"
        >
          Update community description
        </Component>
      </div>
    </ContentPanel>
    <ContentPanel
      className="light-green"
      title="About undefined"
    >
      <div
        className="edit-cta"
      >
        <Component
          className="btn-inline"
          to="/e/3/backstage/settings?activeIndex=1"
        >
          Update event goals
        </Component>
      </div>
    </ContentPanel>
    <MediaPartners
      className="blue"
      event={
        Object {
          "id": 3,
          "is_stakeholder": true,
        }
      }
      partners={Object {}}
      sponsorships={Object {}}
    />
    <TargetAudience
      className="brown"
      event={
        Object {
          "id": 3,
          "is_stakeholder": true,
        }
      }
      sponsorship_offer={Object {}}
    />
    <SponsorsList
      allowNext={[Function]}
      className="purple"
      currentUser={
        Object {
          "id": 1,
        }
      }
      sponsorship_offer_items={Object {}}
      title={
        <div
          className="sponsorship-package-title"
        >
          Sponsorship Packages
          <div
            className="right"
          >
            <Styled(ModalComponent)
              style={
                Object {
                  "padding": "2rem 0",
                }
              }
              trigger={
                <Button>
                  <Icon
                    as="i"
                    name="plus"
                  />
                  Add
                </Button>
              }
            >
              <ContentPanel
                title="Add a package you'd like sponsored"
              >
                <Unknown
                  newSponsor={true}
                />
              </ContentPanel>
            </Styled(ModalComponent)>
          </div>
        </div>
      }
    />
  </div>
</styled.div>
`;
