// Jest Snapshot v1, https://goo.gl/fbAQLP

exports[`ConfirmEmail should render correctly 1`] = `
ShallowWrapper {
  "length": 1,
  Symbol(enzyme.__root__): [Circular],
  Symbol(enzyme.__unrendered__): <MainContent />,
  Symbol(enzyme.__renderer__): Object {
    "batchedUpdates": [Function],
    "getNode": [Function],
    "render": [Function],
    "simulateEvent": [Function],
    "unmount": [Function],
  },
  Symbol(enzyme.__node__): Object {
    "instance": null,
    "key": undefined,
    "nodeType": "class",
    "props": Object {
      "children": Array [
        <h1>
          One Step left!
</h1>,
        undefined,
        Array [
          <p>
            We've sent you an email with a link to confirm your email address.   Please click on that link to get started.
</p>,
          <img
            alt="people-dancing"
            src="people-dancing.gif"
/>,
        ],
      ],
      "className": "main-content app-container",
    },
    "ref": null,
    "rendered": Array [
      Object {
        "instance": null,
        "key": undefined,
        "nodeType": "host",
        "props": Object {
          "children": "One Step left!",
        },
        "ref": null,
        "rendered": "One Step left!",
        "type": "h1",
      },
      undefined,
      Object {
        "instance": null,
        "key": undefined,
        "nodeType": "host",
        "props": Object {
          "children": "We've sent you an email with a link to confirm your email address.   Please click on that link to get started.",
        },
        "ref": null,
        "rendered": "We've sent you an email with a link to confirm your email address.   Please click on that link to get started.",
        "type": "p",
      },
      Object {
        "instance": null,
        "key": undefined,
        "nodeType": "host",
        "props": Object {
          "alt": "people-dancing",
          "src": "people-dancing.gif",
        },
        "ref": null,
        "rendered": null,
        "type": "img",
      },
    ],
    "type": [Function],
  },
  Symbol(enzyme.__nodes__): Array [
    Object {
      "instance": null,
      "key": undefined,
      "nodeType": "class",
      "props": Object {
        "children": Array [
          <h1>
            One Step left!
</h1>,
          undefined,
          Array [
            <p>
              We've sent you an email with a link to confirm your email address.   Please click on that link to get started.
</p>,
            <img
              alt="people-dancing"
              src="people-dancing.gif"
/>,
          ],
        ],
        "className": "main-content app-container",
      },
      "ref": null,
      "rendered": Array [
        Object {
          "instance": null,
          "key": undefined,
          "nodeType": "host",
          "props": Object {
            "children": "One Step left!",
          },
          "ref": null,
          "rendered": "One Step left!",
          "type": "h1",
        },
        undefined,
        Object {
          "instance": null,
          "key": undefined,
          "nodeType": "host",
          "props": Object {
            "children": "We've sent you an email with a link to confirm your email address.   Please click on that link to get started.",
          },
          "ref": null,
          "rendered": "We've sent you an email with a link to confirm your email address.   Please click on that link to get started.",
          "type": "p",
        },
        Object {
          "instance": null,
          "key": undefined,
          "nodeType": "host",
          "props": Object {
            "alt": "people-dancing",
            "src": "people-dancing.gif",
          },
          "ref": null,
          "rendered": null,
          "type": "img",
        },
      ],
      "type": [Function],
    },
  ],
  Symbol(enzyme.__options__): Object {
    "adapter": ReactSixteenAdapter {
      "options": Object {
        "enableComponentDidUpdateOnSetState": true,
      },
    },
  },
}
`;
