// Jest Snapshot v1, https://goo.gl/fbAQLP

exports[`Sidebar > EventsSection should render correctly 1`] = `
<Sidebar
  title="Events you may like"
>
  <SidebarCard
    btn={
      Object {
        "onClick": [Function],
        "text": "Interested",
      }
    }
    description={
      <span>
        By 
        <Link
          replace={false}
          to="/c/1"
        >
          Facebook Developer Circle Lagos
        </Link>
      </span>
    }
    featured_image="/tech_is_in_you.png"
    key="1"
    meta="211 people interested"
    title={
      <Link
        replace={false}
        to="/c/1/e/1"
      >
        Tech is in you
      </Link>
    }
    titleLink="/c/1/e/1"
  />
  <SidebarCard
    btn={
      Object {
        "onClick": [Function],
        "text": "Interested",
      }
    }
    description={
      <span>
        By 
        <Link
          replace={false}
          to="/c/2"
        >
          Google Developer Group
        </Link>
      </span>
    }
    featured_image="/login-bg.jpg"
    key="2"
    meta="211 people interested"
    title={
      <Link
        replace={false}
        to="/c/2/e/2"
      >
        Writers corner workshop with writing and use of English
      </Link>
    }
    titleLink="/c/2/e/2"
  />
  <SidebarCard
    btn={
      Object {
        "onClick": [Function],
        "text": "Interested",
      }
    }
    description=""
    featured_image="/login-bg.jpg"
    key="3"
    meta="108 people interested"
    title={
      <Link
        replace={false}
        to="/e/3"
      >
        Figma Design Series
      </Link>
    }
    titleLink="/e/3"
  />
</Sidebar>
`;
