// Jest Snapshot v1, https://goo.gl/fbAQLP

exports[`SearchCommunities should render correctly 1`] = `
<div>
  <CommunitySection
    communities={Object {}}
    title="Results"
  />
</div>
`;
