// Jest Snapshot v1, https://goo.gl/fbAQLP

exports[`SearchEvents should render correctly 1`] = `
<div>
  <EventsSection
    events={Object {}}
    noRecordsMsg="We couldn't find any event matching undefined"
    title="Results (0)"
  />
</div>
`;
