// Jest Snapshot v1, https://goo.gl/fbAQLP

exports[`Communities::Communities::MainContent should render correctly 1`] = `
<MainContent
  className="MainContent-b49fxr-0 kumNmj"
/>
`;
