// Jest Snapshot v1, https://goo.gl/fbAQLP

exports[`Events should render correctly 1`] = `
<div>
  <section
    className="app-container"
  >
    <Styled(Component)
      events={
        Array [
          1,
          2,
          3,
        ]
      }
    />
  </section>
</div>
`;
