// Jest Snapshot v1, https://goo.gl/fbAQLP

exports[`index should render correctly 1`] = `<withRouter(Connect(JoinACommunityContainer)) />`;
