// Jest Snapshot v1, https://goo.gl/fbAQLP

exports[`JoinACommunity should render correctly 1`] = `
<JoinACommunity__StyledLogin>
  <MainContent />
</JoinACommunity__StyledLogin>
`;
