// Jest Snapshot v1, https://goo.gl/fbAQLP

exports[`ConfirmEmail should render correctly 1`] = `
<styled.div>
  <MainContent />
</styled.div>
`;
