// Jest Snapshot v1, https://goo.gl/fbAQLP

exports[`MainContent should render correctly 1`] = `
<EventsSection
  events={Object {}}
  title="From Communities you follow"
/>
`;
