// Jest Snapshot v1, https://goo.gl/fbAQLP

exports[`MessengerCheckIn should render correctly 1`] = `
<styled.div>
  <p>
    Ask guests to scan this code on Facebook messenger to check into this event.
  </p>
  <img
    src="tmn_bar_code.png"
  />
</styled.div>
`;
